exports[`test Game renders correctly 1`] = `
<div
  id="lightsout" />
`;
